// Jest Snapshot v1, https://goo.gl/fbAQLP

exports[`NameList matches snapshot 1`] = `
<ul>
  <li>
    나는
  </li>
  <li>
    너는
  </li>
</ul>
`;
